mode: set
github.com/Anshuman-02905/Golang_Mastery/Bookings/cmd/web/main.go:22.13,25.14 2 0
github.com/Anshuman-02905/Golang_Mastery/Bookings/cmd/web/main.go:25.14,27.4 1 0
github.com/Anshuman-02905/Golang_Mastery/Bookings/cmd/web/main.go:32.2,40.16 4 0
github.com/Anshuman-02905/Golang_Mastery/Bookings/cmd/web/main.go:43.17,57.17 10 1
github.com/Anshuman-02905/Golang_Mastery/Bookings/cmd/web/main.go:57.17,60.4 2 0
github.com/Anshuman-02905/Golang_Mastery/Bookings/cmd/web/main.go:61.3,67.12 6 1
github.com/Anshuman-02905/Golang_Mastery/Bookings/cmd/web/middleware.go:10.53,11.71 1 1
github.com/Anshuman-02905/Golang_Mastery/Bookings/cmd/web/middleware.go:11.71,14.3 2 1
github.com/Anshuman-02905/Golang_Mastery/Bookings/cmd/web/middleware.go:17.47,26.2 3 1
github.com/Anshuman-02905/Golang_Mastery/Bookings/cmd/web/middleware.go:28.50,30.2 1 1
github.com/Anshuman-02905/Golang_Mastery/Bookings/cmd/web/routes.go:12.49,39.2 19 1
github.com/Anshuman-02905/Golang_Mastery/Bookings/internal/forms/errors.go:9.44,11.2 1 1
github.com/Anshuman-02905/Golang_Mastery/Bookings/internal/forms/errors.go:15.42,17.18 2 0
github.com/Anshuman-02905/Golang_Mastery/Bookings/internal/forms/errors.go:17.18,19.3 1 0
github.com/Anshuman-02905/Golang_Mastery/Bookings/internal/forms/errors.go:20.2,20.14 1 0
github.com/Anshuman-02905/Golang_Mastery/Bookings/internal/forms/forms.go:18.29,20.2 1 1
github.com/Anshuman-02905/Golang_Mastery/Bookings/internal/forms/forms.go:23.33,28.2 1 1
github.com/Anshuman-02905/Golang_Mastery/Bookings/internal/forms/forms.go:31.43,32.31 1 1
github.com/Anshuman-02905/Golang_Mastery/Bookings/internal/forms/forms.go:32.31,34.37 2 1
github.com/Anshuman-02905/Golang_Mastery/Bookings/internal/forms/forms.go:34.37,37.4 1 1
github.com/Anshuman-02905/Golang_Mastery/Bookings/internal/forms/forms.go:42.39,47.13 2 1
github.com/Anshuman-02905/Golang_Mastery/Bookings/internal/forms/forms.go:47.13,50.3 2 1
github.com/Anshuman-02905/Golang_Mastery/Bookings/internal/forms/forms.go:51.2,51.13 1 1
github.com/Anshuman-02905/Golang_Mastery/Bookings/internal/forms/forms.go:55.57,59.21 2 1
github.com/Anshuman-02905/Golang_Mastery/Bookings/internal/forms/forms.go:59.21,62.3 2 0
github.com/Anshuman-02905/Golang_Mastery/Bookings/internal/forms/forms.go:63.2,63.13 1 1
github.com/Anshuman-02905/Golang_Mastery/Bookings/internal/forms/forms.go:67.38,68.40 1 1
github.com/Anshuman-02905/Golang_Mastery/Bookings/internal/forms/forms.go:68.40,70.3 1 1
github.com/Anshuman-02905/Golang_Mastery/Bookings/internal/handlers/handlers.go:27.47,31.2 1 1
github.com/Anshuman-02905/Golang_Mastery/Bookings/internal/handlers/handlers.go:34.33,36.2 1 1
github.com/Anshuman-02905/Golang_Mastery/Bookings/internal/handlers/handlers.go:38.67,44.2 3 1
github.com/Anshuman-02905/Golang_Mastery/Bookings/internal/handlers/handlers.go:46.68,58.2 5 1
github.com/Anshuman-02905/Golang_Mastery/Bookings/internal/handlers/handlers.go:59.74,71.2 4 1
github.com/Anshuman-02905/Golang_Mastery/Bookings/internal/handlers/handlers.go:74.78,76.16 2 1
github.com/Anshuman-02905/Golang_Mastery/Bookings/internal/handlers/handlers.go:76.16,79.3 2 0
github.com/Anshuman-02905/Golang_Mastery/Bookings/internal/handlers/handlers.go:80.2,92.19 6 1
github.com/Anshuman-02905/Golang_Mastery/Bookings/internal/handlers/handlers.go:92.19,101.3 4 0
github.com/Anshuman-02905/Golang_Mastery/Bookings/internal/handlers/handlers.go:103.2,104.66 2 1
github.com/Anshuman-02905/Golang_Mastery/Bookings/internal/handlers/handlers.go:108.71,110.2 1 1
github.com/Anshuman-02905/Golang_Mastery/Bookings/internal/handlers/handlers.go:113.69,115.2 1 1
github.com/Anshuman-02905/Golang_Mastery/Bookings/internal/handlers/handlers.go:118.75,120.2 1 1
github.com/Anshuman-02905/Golang_Mastery/Bookings/internal/handlers/handlers.go:122.79,127.2 3 1
github.com/Anshuman-02905/Golang_Mastery/Bookings/internal/handlers/handlers.go:135.79,143.16 3 1
github.com/Anshuman-02905/Golang_Mastery/Bookings/internal/handlers/handlers.go:143.16,145.3 1 0
github.com/Anshuman-02905/Golang_Mastery/Bookings/internal/handlers/handlers.go:146.2,147.14 2 1
github.com/Anshuman-02905/Golang_Mastery/Bookings/internal/handlers/handlers.go:150.70,152.2 1 1
github.com/Anshuman-02905/Golang_Mastery/Bookings/internal/handlers/handlers.go:154.81,157.9 2 1
github.com/Anshuman-02905/Golang_Mastery/Bookings/internal/handlers/handlers.go:157.9,162.3 4 1
github.com/Anshuman-02905/Golang_Mastery/Bookings/internal/handlers/handlers.go:163.2,169.4 4 0
github.com/Anshuman-02905/Golang_Mastery/Bookings/internal/render/render.go:21.40,23.2 1 0
github.com/Anshuman-02905/Golang_Mastery/Bookings/internal/render/render.go:25.84,32.2 5 1
github.com/Anshuman-02905/Golang_Mastery/Bookings/internal/render/render.go:35.105,39.18 2 1
github.com/Anshuman-02905/Golang_Mastery/Bookings/internal/render/render.go:39.18,41.3 1 0
github.com/Anshuman-02905/Golang_Mastery/Bookings/internal/render/render.go:41.8,43.3 1 1
github.com/Anshuman-02905/Golang_Mastery/Bookings/internal/render/render.go:44.2,45.9 2 1
github.com/Anshuman-02905/Golang_Mastery/Bookings/internal/render/render.go:45.9,49.3 1 1
github.com/Anshuman-02905/Golang_Mastery/Bookings/internal/render/render.go:51.2,54.16 4 1
github.com/Anshuman-02905/Golang_Mastery/Bookings/internal/render/render.go:54.16,57.3 2 0
github.com/Anshuman-02905/Golang_Mastery/Bookings/internal/render/render.go:58.2,59.16 2 1
github.com/Anshuman-02905/Golang_Mastery/Bookings/internal/render/render.go:59.16,62.3 2 0
github.com/Anshuman-02905/Golang_Mastery/Bookings/internal/render/render.go:63.2,63.12 1 1
github.com/Anshuman-02905/Golang_Mastery/Bookings/internal/render/render.go:66.67,72.16 3 1
github.com/Anshuman-02905/Golang_Mastery/Bookings/internal/render/render.go:72.16,75.3 2 0
github.com/Anshuman-02905/Golang_Mastery/Bookings/internal/render/render.go:77.2,77.29 1 1
github.com/Anshuman-02905/Golang_Mastery/Bookings/internal/render/render.go:77.29,81.17 3 1
github.com/Anshuman-02905/Golang_Mastery/Bookings/internal/render/render.go:81.17,85.4 2 0
github.com/Anshuman-02905/Golang_Mastery/Bookings/internal/render/render.go:86.3,87.17 2 1
github.com/Anshuman-02905/Golang_Mastery/Bookings/internal/render/render.go:87.17,91.4 2 0
github.com/Anshuman-02905/Golang_Mastery/Bookings/internal/render/render.go:92.3,92.23 1 1
github.com/Anshuman-02905/Golang_Mastery/Bookings/internal/render/render.go:92.23,94.18 2 1
github.com/Anshuman-02905/Golang_Mastery/Bookings/internal/render/render.go:94.18,98.5 2 0
github.com/Anshuman-02905/Golang_Mastery/Bookings/internal/render/render.go:100.3,100.21 1 1
github.com/Anshuman-02905/Golang_Mastery/Bookings/internal/render/render.go:102.2,102.21 1 1
