mode: set
github.com/Anshuman-02905/Golang_Mastery/Bookings/internal/handlers/handlers.go:33.62,38.2 1 0
github.com/Anshuman-02905/Golang_Mastery/Bookings/internal/handlers/handlers.go:40.51,45.2 1 1
github.com/Anshuman-02905/Golang_Mastery/Bookings/internal/handlers/handlers.go:48.33,50.2 1 1
github.com/Anshuman-02905/Golang_Mastery/Bookings/internal/handlers/handlers.go:52.67,55.2 1 1
github.com/Anshuman-02905/Golang_Mastery/Bookings/internal/handlers/handlers.go:57.68,62.2 1 1
github.com/Anshuman-02905/Golang_Mastery/Bookings/internal/handlers/handlers.go:63.74,66.9 2 1
github.com/Anshuman-02905/Golang_Mastery/Bookings/internal/handlers/handlers.go:66.9,70.3 3 1
github.com/Anshuman-02905/Golang_Mastery/Bookings/internal/handlers/handlers.go:72.2,73.16 2 1
github.com/Anshuman-02905/Golang_Mastery/Bookings/internal/handlers/handlers.go:73.16,77.3 3 1
github.com/Anshuman-02905/Golang_Mastery/Bookings/internal/handlers/handlers.go:79.2,98.4 11 1
github.com/Anshuman-02905/Golang_Mastery/Bookings/internal/handlers/handlers.go:102.78,106.16 2 1
github.com/Anshuman-02905/Golang_Mastery/Bookings/internal/handlers/handlers.go:106.16,110.3 3 1
github.com/Anshuman-02905/Golang_Mastery/Bookings/internal/handlers/handlers.go:113.2,115.16 3 1
github.com/Anshuman-02905/Golang_Mastery/Bookings/internal/handlers/handlers.go:115.16,119.3 3 1
github.com/Anshuman-02905/Golang_Mastery/Bookings/internal/handlers/handlers.go:121.2,122.16 2 1
github.com/Anshuman-02905/Golang_Mastery/Bookings/internal/handlers/handlers.go:122.16,127.3 3 1
github.com/Anshuman-02905/Golang_Mastery/Bookings/internal/handlers/handlers.go:129.2,131.16 2 1
github.com/Anshuman-02905/Golang_Mastery/Bookings/internal/handlers/handlers.go:131.16,137.3 4 1
github.com/Anshuman-02905/Golang_Mastery/Bookings/internal/handlers/handlers.go:138.2,155.19 7 1
github.com/Anshuman-02905/Golang_Mastery/Bookings/internal/handlers/handlers.go:155.19,165.3 6 1
github.com/Anshuman-02905/Golang_Mastery/Bookings/internal/handlers/handlers.go:166.2,168.16 2 1
github.com/Anshuman-02905/Golang_Mastery/Bookings/internal/handlers/handlers.go:168.16,172.3 3 1
github.com/Anshuman-02905/Golang_Mastery/Bookings/internal/handlers/handlers.go:174.2,184.16 4 1
github.com/Anshuman-02905/Golang_Mastery/Bookings/internal/handlers/handlers.go:184.16,188.3 3 1
github.com/Anshuman-02905/Golang_Mastery/Bookings/internal/handlers/handlers.go:190.2,191.66 2 1
github.com/Anshuman-02905/Golang_Mastery/Bookings/internal/handlers/handlers.go:195.71,197.2 1 1
github.com/Anshuman-02905/Golang_Mastery/Bookings/internal/handlers/handlers.go:200.69,202.2 1 1
github.com/Anshuman-02905/Golang_Mastery/Bookings/internal/handlers/handlers.go:205.75,207.2 1 1
github.com/Anshuman-02905/Golang_Mastery/Bookings/internal/handlers/handlers.go:209.79,211.16 2 1
github.com/Anshuman-02905/Golang_Mastery/Bookings/internal/handlers/handlers.go:211.16,215.3 3 1
github.com/Anshuman-02905/Golang_Mastery/Bookings/internal/handlers/handlers.go:216.2,221.16 5 1
github.com/Anshuman-02905/Golang_Mastery/Bookings/internal/handlers/handlers.go:221.16,225.3 3 1
github.com/Anshuman-02905/Golang_Mastery/Bookings/internal/handlers/handlers.go:226.2,227.16 2 1
github.com/Anshuman-02905/Golang_Mastery/Bookings/internal/handlers/handlers.go:227.16,231.3 3 1
github.com/Anshuman-02905/Golang_Mastery/Bookings/internal/handlers/handlers.go:233.2,235.16 2 1
github.com/Anshuman-02905/Golang_Mastery/Bookings/internal/handlers/handlers.go:235.16,239.3 3 1
github.com/Anshuman-02905/Golang_Mastery/Bookings/internal/handlers/handlers.go:240.2,240.21 1 1
github.com/Anshuman-02905/Golang_Mastery/Bookings/internal/handlers/handlers.go:240.21,245.3 3 1
github.com/Anshuman-02905/Golang_Mastery/Bookings/internal/handlers/handlers.go:247.2,259.4 6 1
github.com/Anshuman-02905/Golang_Mastery/Bookings/internal/handlers/handlers.go:272.79,275.16 2 1
github.com/Anshuman-02905/Golang_Mastery/Bookings/internal/handlers/handlers.go:275.16,287.3 6 1
github.com/Anshuman-02905/Golang_Mastery/Bookings/internal/handlers/handlers.go:289.2,293.16 5 1
github.com/Anshuman-02905/Golang_Mastery/Bookings/internal/handlers/handlers.go:293.16,304.3 6 1
github.com/Anshuman-02905/Golang_Mastery/Bookings/internal/handlers/handlers.go:305.2,306.16 2 1
github.com/Anshuman-02905/Golang_Mastery/Bookings/internal/handlers/handlers.go:306.16,316.3 6 1
github.com/Anshuman-02905/Golang_Mastery/Bookings/internal/handlers/handlers.go:318.2,320.16 2 1
github.com/Anshuman-02905/Golang_Mastery/Bookings/internal/handlers/handlers.go:320.16,330.3 6 1
github.com/Anshuman-02905/Golang_Mastery/Bookings/internal/handlers/handlers.go:331.2,332.16 2 1
github.com/Anshuman-02905/Golang_Mastery/Bookings/internal/handlers/handlers.go:332.16,342.3 6 1
github.com/Anshuman-02905/Golang_Mastery/Bookings/internal/handlers/handlers.go:343.2,355.14 5 1
github.com/Anshuman-02905/Golang_Mastery/Bookings/internal/handlers/handlers.go:358.70,360.2 1 1
github.com/Anshuman-02905/Golang_Mastery/Bookings/internal/handlers/handlers.go:362.81,365.9 2 1
github.com/Anshuman-02905/Golang_Mastery/Bookings/internal/handlers/handlers.go:365.9,371.3 4 1
github.com/Anshuman-02905/Golang_Mastery/Bookings/internal/handlers/handlers.go:373.2,387.4 9 1
github.com/Anshuman-02905/Golang_Mastery/Bookings/internal/handlers/handlers.go:392.73,396.16 3 1
github.com/Anshuman-02905/Golang_Mastery/Bookings/internal/handlers/handlers.go:396.16,400.3 3 1
github.com/Anshuman-02905/Golang_Mastery/Bookings/internal/handlers/handlers.go:401.2,402.9 2 1
github.com/Anshuman-02905/Golang_Mastery/Bookings/internal/handlers/handlers.go:402.9,407.3 4 1
github.com/Anshuman-02905/Golang_Mastery/Bookings/internal/handlers/handlers.go:409.2,411.16 3 1
github.com/Anshuman-02905/Golang_Mastery/Bookings/internal/handlers/handlers.go:411.16,416.3 4 1
github.com/Anshuman-02905/Golang_Mastery/Bookings/internal/handlers/handlers.go:418.2,419.63 2 1
github.com/Anshuman-02905/Golang_Mastery/Bookings/internal/handlers/handlers.go:423.71,428.16 3 1
github.com/Anshuman-02905/Golang_Mastery/Bookings/internal/handlers/handlers.go:428.16,435.3 3 1
github.com/Anshuman-02905/Golang_Mastery/Bookings/internal/handlers/handlers.go:437.2,445.16 7 1
github.com/Anshuman-02905/Golang_Mastery/Bookings/internal/handlers/handlers.go:445.16,452.3 4 1
github.com/Anshuman-02905/Golang_Mastery/Bookings/internal/handlers/handlers.go:453.2,454.16 2 1
github.com/Anshuman-02905/Golang_Mastery/Bookings/internal/handlers/handlers.go:454.16,459.3 4 1
github.com/Anshuman-02905/Golang_Mastery/Bookings/internal/handlers/handlers.go:461.2,462.16 2 1
github.com/Anshuman-02905/Golang_Mastery/Bookings/internal/handlers/handlers.go:462.16,467.3 4 1
github.com/Anshuman-02905/Golang_Mastery/Bookings/internal/handlers/handlers.go:469.2,476.63 7 1
