mode: set
github.com/Anshuman-02905/Golang_Mastery/Bookings/internal/render/render.go:21.40,23.2 1 0
github.com/Anshuman-02905/Golang_Mastery/Bookings/internal/render/render.go:25.84,32.2 5 1
github.com/Anshuman-02905/Golang_Mastery/Bookings/internal/render/render.go:35.105,39.18 2 1
github.com/Anshuman-02905/Golang_Mastery/Bookings/internal/render/render.go:39.18,41.3 1 0
github.com/Anshuman-02905/Golang_Mastery/Bookings/internal/render/render.go:41.8,43.3 1 1
github.com/Anshuman-02905/Golang_Mastery/Bookings/internal/render/render.go:44.2,45.9 2 1
github.com/Anshuman-02905/Golang_Mastery/Bookings/internal/render/render.go:45.9,49.3 1 1
github.com/Anshuman-02905/Golang_Mastery/Bookings/internal/render/render.go:51.2,54.16 4 1
github.com/Anshuman-02905/Golang_Mastery/Bookings/internal/render/render.go:54.16,57.3 2 0
github.com/Anshuman-02905/Golang_Mastery/Bookings/internal/render/render.go:58.2,59.16 2 1
github.com/Anshuman-02905/Golang_Mastery/Bookings/internal/render/render.go:59.16,62.3 2 0
github.com/Anshuman-02905/Golang_Mastery/Bookings/internal/render/render.go:63.2,63.12 1 1
github.com/Anshuman-02905/Golang_Mastery/Bookings/internal/render/render.go:66.67,72.16 3 1
github.com/Anshuman-02905/Golang_Mastery/Bookings/internal/render/render.go:72.16,75.3 2 0
github.com/Anshuman-02905/Golang_Mastery/Bookings/internal/render/render.go:77.2,77.29 1 1
github.com/Anshuman-02905/Golang_Mastery/Bookings/internal/render/render.go:77.29,81.17 3 1
github.com/Anshuman-02905/Golang_Mastery/Bookings/internal/render/render.go:81.17,85.4 2 0
github.com/Anshuman-02905/Golang_Mastery/Bookings/internal/render/render.go:86.3,87.17 2 1
github.com/Anshuman-02905/Golang_Mastery/Bookings/internal/render/render.go:87.17,91.4 2 0
github.com/Anshuman-02905/Golang_Mastery/Bookings/internal/render/render.go:92.3,92.23 1 1
github.com/Anshuman-02905/Golang_Mastery/Bookings/internal/render/render.go:92.23,94.18 2 1
github.com/Anshuman-02905/Golang_Mastery/Bookings/internal/render/render.go:94.18,98.5 2 0
github.com/Anshuman-02905/Golang_Mastery/Bookings/internal/render/render.go:100.3,100.21 1 1
github.com/Anshuman-02905/Golang_Mastery/Bookings/internal/render/render.go:102.2,102.21 1 1
